---
http_interactions:
- request:
    method: post
    uri: https://downdraft-backend.herokuapp.com/api/v1/trips?date=2021-06-08%2014:29:44%20-0600&location=80206&user_id=1
    body:
      encoding: UTF-8
      string: ''
    headers:
      User-Agent:
      - Faraday v1.4.2
      Content-Length:
      - '0'
      Accept-Encoding:
      - gzip;q=1.0,deflate;q=0.6,identity;q=0.3
      Accept:
      - "*/*"
  response:
    status:
      code: 400
      message: Bad Request
    headers:
      Server:
      - Cowboy
      Date:
      - Tue, 08 Jun 2021 20:29:44 GMT
      Connection:
      - keep-alive
      Content-Type:
      - application/json; charset=utf-8
      Cache-Control:
      - no-cache
      X-Request-Id:
      - ed77a9f4-0f84-490b-aa8d-558d6c221f8d
      X-Runtime:
      - '0.462306'
      Transfer-Encoding:
      - chunked
      Via:
      - 1.1 vegur
    body:
      encoding: UTF-8
      string: '{"errors":["Name can''t be blank"]}'
  recorded_at: Tue, 08 Jun 2021 20:29:44 GMT
- request:
    method: post
    uri: https://downdraft-backend.herokuapp.com/api/v1/trips?date=2021-06-08%2014:31:11%20-0600&location=80206&user_id=1
    body:
      encoding: UTF-8
      string: ''
    headers:
      User-Agent:
      - Faraday v1.4.2
      Content-Length:
      - '0'
      Accept-Encoding:
      - gzip;q=1.0,deflate;q=0.6,identity;q=0.3
      Accept:
      - "*/*"
  response:
    status:
      code: 400
      message: Bad Request
    headers:
      Server:
      - Cowboy
      Date:
      - Tue, 08 Jun 2021 20:31:11 GMT
      Connection:
      - keep-alive
      Content-Type:
      - application/json; charset=utf-8
      Cache-Control:
      - no-cache
      X-Request-Id:
      - 0a8b0bd8-1b79-4822-a4e3-97b4e2b0e010
      X-Runtime:
      - '0.452101'
      Transfer-Encoding:
      - chunked
      Via:
      - 1.1 vegur
    body:
      encoding: UTF-8
      string: '{"errors":["Name can''t be blank"]}'
  recorded_at: Tue, 08 Jun 2021 20:31:12 GMT
- request:
    method: post
    uri: https://downdraft-backend.herokuapp.com/api/v1/trips?date=2021-06-08%2014:32:05%20-0600&location=80206&user_id=1
    body:
      encoding: UTF-8
      string: ''
    headers:
      User-Agent:
      - Faraday v1.4.2
      Content-Length:
      - '0'
      Accept-Encoding:
      - gzip;q=1.0,deflate;q=0.6,identity;q=0.3
      Accept:
      - "*/*"
  response:
    status:
      code: 400
      message: Bad Request
    headers:
      Server:
      - Cowboy
      Date:
      - Tue, 08 Jun 2021 20:32:05 GMT
      Connection:
      - keep-alive
      Content-Type:
      - application/json; charset=utf-8
      Cache-Control:
      - no-cache
      X-Request-Id:
      - 5c9c997e-c7c5-41f2-9176-51aefe0697a6
      X-Runtime:
      - '0.432612'
      Transfer-Encoding:
      - chunked
      Via:
      - 1.1 vegur
    body:
      encoding: UTF-8
      string: '{"errors":["Name can''t be blank"]}'
  recorded_at: Tue, 08 Jun 2021 20:32:05 GMT
- request:
    method: post
    uri: https://downdraft-backend.herokuapp.com/api/v1/trips?date=2021-06-08%2014:32:42%20-0600&location=80206&user_id=1
    body:
      encoding: UTF-8
      string: ''
    headers:
      User-Agent:
      - Faraday v1.4.2
      Content-Length:
      - '0'
      Accept-Encoding:
      - gzip;q=1.0,deflate;q=0.6,identity;q=0.3
      Accept:
      - "*/*"
  response:
    status:
      code: 400
      message: Bad Request
    headers:
      Server:
      - Cowboy
      Date:
      - Tue, 08 Jun 2021 20:32:43 GMT
      Connection:
      - keep-alive
      Content-Type:
      - application/json; charset=utf-8
      Cache-Control:
      - no-cache
      X-Request-Id:
      - 2ecfa387-367c-43cd-b95a-4bc0fa1e42cc
      X-Runtime:
      - '0.475704'
      Transfer-Encoding:
      - chunked
      Via:
      - 1.1 vegur
    body:
      encoding: UTF-8
      string: '{"errors":["Name can''t be blank"]}'
  recorded_at: Tue, 08 Jun 2021 20:32:43 GMT
- request:
    method: post
    uri: https://downdraft-backend.herokuapp.com/api/v1/trips?date=2021-06-08%2019:26:40%20-0600&location=80206&user_id=1
    body:
      encoding: UTF-8
      string: ''
    headers:
      User-Agent:
      - Faraday v1.4.2
      Content-Length:
      - '0'
      Accept-Encoding:
      - gzip;q=1.0,deflate;q=0.6,identity;q=0.3
      Accept:
      - "*/*"
  response:
    status:
      code: 400
      message: Bad Request
    headers:
      Server:
      - Cowboy
      Date:
      - Wed, 09 Jun 2021 01:26:41 GMT
      Connection:
      - keep-alive
      Content-Type:
      - application/json; charset=utf-8
      Cache-Control:
      - no-cache
      X-Request-Id:
      - 88f49c3a-aafb-4646-b7fa-b0099c690b57
      X-Runtime:
      - '0.657538'
      Transfer-Encoding:
      - chunked
      Via:
      - 1.1 vegur
    body:
      encoding: UTF-8
      string: '{"errors":["Name can''t be blank"]}'
  recorded_at: Wed, 09 Jun 2021 01:26:41 GMT
- request:
    method: post
    uri: https://downdraft-backend.herokuapp.com/api/v1/trips?date=2021-06-08%2019:52:24%20-0600&location=80206&user_id=1
    body:
      encoding: UTF-8
      string: ''
    headers:
      User-Agent:
      - Faraday v1.4.2
      Content-Length:
      - '0'
      Accept-Encoding:
      - gzip;q=1.0,deflate;q=0.6,identity;q=0.3
      Accept:
      - "*/*"
  response:
    status:
      code: 400
      message: Bad Request
    headers:
      Server:
      - Cowboy
      Date:
      - Wed, 09 Jun 2021 01:52:24 GMT
      Connection:
      - keep-alive
      Content-Type:
      - application/json; charset=utf-8
      Cache-Control:
      - no-cache
      X-Request-Id:
      - aedd0306-f6b1-481d-b012-e77b05dfd5ff
      X-Runtime:
      - '0.509733'
      Transfer-Encoding:
      - chunked
      Via:
      - 1.1 vegur
    body:
      encoding: UTF-8
      string: '{"errors":["Name can''t be blank"]}'
  recorded_at: Wed, 09 Jun 2021 01:52:25 GMT
- request:
    method: post
    uri: https://downdraft-backend.herokuapp.com/api/v1/trips?date=2021-06-08%2019:55:47%20-0600&location=80206&user_id=1
    body:
      encoding: UTF-8
      string: ''
    headers:
      User-Agent:
      - Faraday v1.4.2
      Content-Length:
      - '0'
      Accept-Encoding:
      - gzip;q=1.0,deflate;q=0.6,identity;q=0.3
      Accept:
      - "*/*"
  response:
    status:
      code: 400
      message: Bad Request
    headers:
      Server:
      - Cowboy
      Date:
      - Wed, 09 Jun 2021 01:55:48 GMT
      Connection:
      - keep-alive
      Content-Type:
      - application/json; charset=utf-8
      Cache-Control:
      - no-cache
      X-Request-Id:
      - f8e5b0ab-29ba-47b6-9ddc-5f3b14f0fb85
      X-Runtime:
      - '0.433738'
      Transfer-Encoding:
      - chunked
      Via:
      - 1.1 vegur
    body:
      encoding: UTF-8
      string: '{"errors":["Name can''t be blank"]}'
  recorded_at: Wed, 09 Jun 2021 01:55:48 GMT
- request:
    method: post
    uri: https://downdraft-backend.herokuapp.com/api/v1/trips?date=2021-06-08%2019:56:48%20-0600&location=80206&user_id=1
    body:
      encoding: UTF-8
      string: ''
    headers:
      User-Agent:
      - Faraday v1.4.2
      Content-Length:
      - '0'
      Accept-Encoding:
      - gzip;q=1.0,deflate;q=0.6,identity;q=0.3
      Accept:
      - "*/*"
  response:
    status:
      code: 400
      message: Bad Request
    headers:
      Server:
      - Cowboy
      Date:
      - Wed, 09 Jun 2021 01:56:49 GMT
      Connection:
      - keep-alive
      Content-Type:
      - application/json; charset=utf-8
      Cache-Control:
      - no-cache
      X-Request-Id:
      - 3e84066b-242e-477e-aa13-f1c232376c5b
      X-Runtime:
      - '0.468569'
      Transfer-Encoding:
      - chunked
      Via:
      - 1.1 vegur
    body:
      encoding: UTF-8
      string: '{"errors":["Name can''t be blank"]}'
  recorded_at: Wed, 09 Jun 2021 01:56:49 GMT
- request:
    method: post
    uri: https://downdraft-backend.herokuapp.com/api/v1/trips?date=2021-06-08%2019:58:00%20-0600&location=80206&user_id=1
    body:
      encoding: UTF-8
      string: ''
    headers:
      User-Agent:
      - Faraday v1.4.2
      Content-Length:
      - '0'
      Accept-Encoding:
      - gzip;q=1.0,deflate;q=0.6,identity;q=0.3
      Accept:
      - "*/*"
  response:
    status:
      code: 400
      message: Bad Request
    headers:
      Server:
      - Cowboy
      Date:
      - Wed, 09 Jun 2021 01:58:00 GMT
      Connection:
      - keep-alive
      Content-Type:
      - application/json; charset=utf-8
      Cache-Control:
      - no-cache
      X-Request-Id:
      - febd63f9-c7d1-4ef9-bd92-84fa5574e59e
      X-Runtime:
      - '0.494265'
      Transfer-Encoding:
      - chunked
      Via:
      - 1.1 vegur
    body:
      encoding: UTF-8
      string: '{"errors":["Name can''t be blank"]}'
  recorded_at: Wed, 09 Jun 2021 01:58:01 GMT
- request:
    method: post
    uri: https://downdraft-backend.herokuapp.com/api/v1/trips?date=2021-06-08%2019:58:23%20-0600&location=80206&user_id=1
    body:
      encoding: UTF-8
      string: ''
    headers:
      User-Agent:
      - Faraday v1.4.2
      Content-Length:
      - '0'
      Accept-Encoding:
      - gzip;q=1.0,deflate;q=0.6,identity;q=0.3
      Accept:
      - "*/*"
  response:
    status:
      code: 400
      message: Bad Request
    headers:
      Server:
      - Cowboy
      Date:
      - Wed, 09 Jun 2021 01:58:24 GMT
      Connection:
      - keep-alive
      Content-Type:
      - application/json; charset=utf-8
      Cache-Control:
      - no-cache
      X-Request-Id:
      - d4601fd9-4ed6-431c-a474-89c9ee78e4bc
      X-Runtime:
      - '0.483692'
      Transfer-Encoding:
      - chunked
      Via:
      - 1.1 vegur
    body:
      encoding: UTF-8
      string: '{"errors":["Name can''t be blank"]}'
  recorded_at: Wed, 09 Jun 2021 01:58:24 GMT
- request:
    method: post
    uri: https://downdraft-backend.herokuapp.com/api/v1/trips?date=2021-06-08%2019:59:01%20-0600&location=80206&user_id=1
    body:
      encoding: UTF-8
      string: ''
    headers:
      User-Agent:
      - Faraday v1.4.2
      Content-Length:
      - '0'
      Accept-Encoding:
      - gzip;q=1.0,deflate;q=0.6,identity;q=0.3
      Accept:
      - "*/*"
  response:
    status:
      code: 400
      message: Bad Request
    headers:
      Server:
      - Cowboy
      Date:
      - Wed, 09 Jun 2021 01:59:01 GMT
      Connection:
      - keep-alive
      Content-Type:
      - application/json; charset=utf-8
      Cache-Control:
      - no-cache
      X-Request-Id:
      - 8bc6ee3c-5ae2-44c0-8c5d-46e2fd27c5c0
      X-Runtime:
      - '0.492875'
      Transfer-Encoding:
      - chunked
      Via:
      - 1.1 vegur
    body:
      encoding: UTF-8
      string: '{"errors":["Name can''t be blank"]}'
  recorded_at: Wed, 09 Jun 2021 01:59:02 GMT
- request:
    method: post
    uri: https://downdraft-backend.herokuapp.com/api/v1/trips?date=2021-06-08%2020:01:33%20-0600&location=80206&user_id=1
    body:
      encoding: UTF-8
      string: ''
    headers:
      User-Agent:
      - Faraday v1.4.2
      Content-Length:
      - '0'
      Accept-Encoding:
      - gzip;q=1.0,deflate;q=0.6,identity;q=0.3
      Accept:
      - "*/*"
  response:
    status:
      code: 400
      message: Bad Request
    headers:
      Server:
      - Cowboy
      Date:
      - Wed, 09 Jun 2021 02:01:33 GMT
      Connection:
      - keep-alive
      Content-Type:
      - application/json; charset=utf-8
      Cache-Control:
      - no-cache
      X-Request-Id:
      - 9f33fb80-49b4-4a6a-82b6-7cc46bef332e
      X-Runtime:
      - '0.476335'
      Transfer-Encoding:
      - chunked
      Via:
      - 1.1 vegur
    body:
      encoding: UTF-8
      string: '{"errors":["Name can''t be blank"]}'
  recorded_at: Wed, 09 Jun 2021 02:01:34 GMT
recorded_with: VCR 6.0.0
